


ARM Macro Assembler    Page 1 


    1 00000000                 thumb
    2 00000000                 area             timer, code, readonly
    3 00000000         
    4 00000000                 export           timer_callback ; 
    5 00000000                 extern           etat        ; 
    6 00000000         
    7 00000000 40010C10 
                       GPIOB_BSRR
                               equ              0x40010C10  ; Bit Set/Reset reg
                                                            ister
    8 00000000         
    9 00000000         timer_callback
                               proc
   10 00000000 4808            ldr              r0, =etat
   11 00000002 6801            ldr              r1, [r0]
   12 00000004         
   13 00000004 B131            CBZ              r1, branch_zero
   14 00000006         
   15 00000006         ; mise a 1 de PB1
   16 00000006 4B08            ldr              r3, =GPIOB_BSRR
   17 00000008 F04F 0102       mov              r1, #0x00000002
   18 0000000C 6019            str              r1, [r3]
   19 0000000E         
   20 0000000E         ;mise de etat à 1
   21 0000000E F04F 0101       mov              r1, #1
   22 00000012 6001            str              r1, [r0]
   23 00000014         
   24 00000014         
   25 00000014         branch_zero
   26 00000014         ; mise a zero de PB1
   27 00000014 4B04            ldr              r3, =GPIOB_BSRR
   28 00000016 F44F 3100       mov              r1, #0x00020000
   29 0000001A 6019            str              r1, [r3]
   30 0000001C         
   31 0000001C         ; mise à 0 de etat
   32 0000001C F04F 0100       mov              r1, #0
   33 00000020 6001            str              r1, [r0]
   34 00000022         
   35 00000022         ; N.B. le registre BSRR est write-only, on ne peut pas l
                       e relire
   36 00000022 4770            bx               lr
   37 00000024         
   38 00000024                 endp
   39 00000024         
   40 00000024                 end
              00000000 
              40010C10 
Command Line: --debug --xref --diag_suppress=9931 --cpu=Cortex-M3 --apcs=interw
ork --depend=.\obj\timer.d -o.\obj\timer.o -I.\RTE\_Simu -IC:\Keil_v5\ARM\PACK\
ARM\CMSIS\5.3.0\CMSIS\Include -IC:\Keil_v5\ARM\PACK\Keil\STM32F1xx_DFP\2.2.0\De
vice\Include --predefine="__EVAL SETA 1" --predefine="__MICROLIB SETA 1" --pred
efine="__UVISION_VERSION SETA 525" --predefine="_RTE_ SETA 1" --predefine="STM3
2F10X_MD SETA 1" --list=timer.lst Src\timer.s



ARM Macro Assembler    Page 1 Alphabetic symbol ordering
Relocatable symbols

branch_zero 00000014

Symbol: branch_zero
   Definitions
      At line 25 in file Src\timer.s
   Uses
      At line 13 in file Src\timer.s
Comment: branch_zero used once
timer 00000000

Symbol: timer
   Definitions
      At line 2 in file Src\timer.s
   Uses
      None
Comment: timer unused
timer_callback 00000000

Symbol: timer_callback
   Definitions
      At line 9 in file Src\timer.s
   Uses
      At line 4 in file Src\timer.s
Comment: timer_callback used once
3 symbols



ARM Macro Assembler    Page 1 Alphabetic symbol ordering
Absolute symbols

GPIOB_BSRR 40010C10

Symbol: GPIOB_BSRR
   Definitions
      At line 7 in file Src\timer.s
   Uses
      At line 16 in file Src\timer.s
      At line 27 in file Src\timer.s

1 symbol



ARM Macro Assembler    Page 1 Alphabetic symbol ordering
External symbols

etat 00000000

Symbol: etat
   Definitions
      At line 5 in file Src\timer.s
   Uses
      At line 10 in file Src\timer.s
Comment: etat used once
1 symbol
342 symbols in table
